#-----------------------------------------------------------
# Vivado v2023.2 (64-bit)
# SW Build 4029153 on Fri Oct 13 20:13:54 MDT 2023
# IP Build 4028589 on Sat Oct 14 00:45:43 MDT 2023
# SharedData Build 4025554 on Tue Oct 10 17:18:54 MDT 2023
# Start of session at: Fri Mar 15 16:12:54 2024
# Process ID: 236922
# Current directory: /home/dracho/Downloads/OneChannelTest/OneChannelTest/OneChannelTest.runs/system_clk_creator_synth_1
# Command line: vivado -log system_clk_creator.vds -product Vivado -mode batch -messageDb vivado.pb -notrace -source system_clk_creator.tcl
# Log file: /home/dracho/Downloads/OneChannelTest/OneChannelTest/OneChannelTest.runs/system_clk_creator_synth_1/system_clk_creator.vds
# Journal file: /home/dracho/Downloads/OneChannelTest/OneChannelTest/OneChannelTest.runs/system_clk_creator_synth_1/vivado.jou
# Running On: eddard.hfe.rwth-aachen.de, OS: Linux, CPU Frequency: 3986.099 MHz, CPU Physical cores: 4, Host memory: 16670 MB
#-----------------------------------------------------------
source system_clk_creator.tcl -notrace
