Copyright 1986-2022 Xilinx, Inc. All Rights Reserved. Copyright 2022-2023 Advanced Micro Devices, Inc. All Rights Reserved.
---------------------------------------------------------------------------------------------------------------------------------------------
| Tool Version : Vivado v.2023.2 (lin64) Build 4029153 Fri Oct 13 20:13:54 MDT 2023
| Date         : Fri Mar 15 14:49:11 2024
| Host         : eddard.hfe.rwth-aachen.de running 64-bit Rocky Linux release 8.8 (Green Obsidian)
| Command      : report_control_sets -verbose -file main_control_sets_placed.rpt
| Design       : main
| Device       : xc7vx485t
---------------------------------------------------------------------------------------------------------------------------------------------

Control Set Information

Table of Contents
-----------------
1. Summary
2. Histogram
3. Flip-Flop Distribution
4. Detailed Control Set Information

1. Summary
----------

+----------------------------------------------------------+-------+
|                          Status                          | Count |
+----------------------------------------------------------+-------+
| Total control sets                                       |    45 |
|    Minimum number of control sets                        |    45 |
|    Addition due to synthesis replication                 |     0 |
|    Addition due to physical synthesis replication        |     0 |
| Unused register locations in slices containing registers |    96 |
+----------------------------------------------------------+-------+
* Control sets can be merged at opt_design using control_set_merge or merge_equivalent_drivers
** Run report_qor_suggestions for automated merging and remapping suggestions


2. Histogram
------------

+--------------------+-------+
|       Fanout       | Count |
+--------------------+-------+
| Total control sets |    45 |
| >= 0 to < 4        |     3 |
| >= 4 to < 6        |     8 |
| >= 6 to < 8        |     4 |
| >= 8 to < 10       |    20 |
| >= 10 to < 12      |     1 |
| >= 12 to < 14      |     0 |
| >= 14 to < 16      |     2 |
| >= 16              |     7 |
+--------------------+-------+
* Control sets can be remapped at either synth_design or opt_design


3. Flip-Flop Distribution
-------------------------

+--------------+-----------------------+------------------------+-----------------+--------------+
| Clock Enable | Synchronous Set/Reset | Asynchronous Set/Reset | Total Registers | Total Slices |
+--------------+-----------------------+------------------------+-----------------+--------------+
| No           | No                    | No                     |             108 |           76 |
| No           | No                    | Yes                    |              15 |            4 |
| No           | Yes                   | No                     |              57 |           15 |
| Yes          | No                    | No                     |             129 |           45 |
| Yes          | No                    | Yes                    |               0 |            0 |
| Yes          | Yes                   | No                     |             203 |           67 |
+--------------+-----------------------+------------------------+-----------------+--------------+


4. Detailed Control Set Information
-----------------------------------

+--------------+---------------------------------------+---------------------------------------+------------------+----------------+--------------+
| Clock Signal |             Enable Signal             |            Set/Reset Signal           | Slice Load Count | Bel Load Count | Bels / Slice |
+--------------+---------------------------------------+---------------------------------------+------------------+----------------+--------------+
|  clk_BUFG    | SYNCING/PLLSync/O_PLL_sync_i_1_n_0    | SYNCING/r_syncTrigger                 |                1 |              1 |         1.00 |
|  clk_BUFG    | trx/div/counter_reg_2_sn_1            | trx/div/dataSend4_out                 |                1 |              1 |         1.00 |
|  clk_BUFG    | r_dacconfig                           |                                       |                3 |              3 |         1.00 |
|  clk_BUFG    | PLL_SPI/r_bitCount[4]_i_1_n_0         | PLL_SPI/r_bitCount[7]_i_1_n_0         |                1 |              4 |         4.00 |
|  clk_BUFG    | PLL_SPI/r_bitCount[4]_i_1_n_0         |                                       |                1 |              4 |         4.00 |
|  clk_BUFG    | DAC_SPI/r_bitCount[4]_i_1__0_n_0      | DAC_SPI/r_bitCount[7]_i_1__0_n_0      |                2 |              4 |         2.00 |
|  clk_BUFG    | DAC_SPI/r_bitCount[4]_i_1__0_n_0      |                                       |                2 |              4 |         2.00 |
|  clk_BUFG    | r_dac_Q_msb[3]_i_2_n_0                | r_dac_Q_msb[3]_i_1_n_0                |                2 |              4 |         2.00 |
|  clk_BUFG    | r_dacDataLength_msb                   | r_dacDataLength_msb[3]_i_1_n_0        |                1 |              4 |         4.00 |
|  clk_BUFG    | rcv/FSM_sequential_r_state[3]_i_1_n_0 |                                       |                2 |              4 |         2.00 |
|  clk_BUFG    | r_dac_I_msb                           | r_dac_I_msb[3]_i_1_n_0                |                2 |              4 |         2.00 |
|  clk_BUFG    | SYNCING/PLLSync/r_counter[5]_i_1_n_0  | SYNCING/r_syncTrigger                 |                1 |              6 |         6.00 |
|  clk_BUFG    | PLL_SPI/r_counter[15]_i_2_n_0         |                                       |                2 |              6 |         3.00 |
|  clk_BUFG    | DAC_SPI/r_counter[15]_i_2__0_n_0      |                                       |                3 |              6 |         2.00 |
|  clk_BUFG    | rcv/r_count                           |                                       |                3 |              6 |         2.00 |
|  clk_BUFG    | r_dac_Q_lsb                           | r_dac_Q_lsb[7]_i_1_n_0                |                5 |              8 |         1.60 |
|  clk_BUFG    | PLL_SPI/O_CSB[7]_i_1_n_0              |                                       |                3 |              8 |         2.67 |
|  clk_BUFG    | rcv/r_regaddr__0                      | rcv/FSM_sequential_r_state_reg[2]_1   |                3 |              8 |         2.67 |
|  clk_BUFG    | rcv/r_ledval                          | rcv/FSM_sequential_r_state_reg[1]_0   |                2 |              8 |         4.00 |
|  clk_BUFG    | r_spiTXMSB                            | r_spiTXMSB[7]_i_1_n_0                 |                3 |              8 |         2.67 |
|  clk_BUFG    | DAC_SPI/O_CSB[7]_i_1__0_n_0           |                                       |                4 |              8 |         2.00 |
|  clk_BUFG    | r_spiACTDAC                           |                                       |                3 |              8 |         2.67 |
|  clk_BUFG    | r_dacWRTConfig                        | r_dacWRTConfig[7]_i_1_n_0             |                5 |              8 |         1.60 |
|  clk_BUFG    | r_dacMode                             | r_dacMode[7]_i_1_n_0                  |                2 |              8 |         4.00 |
|  clk_BUFG    | r_spiACTPLL                           |                                       |                3 |              8 |         2.67 |
|  clk_BUFG    | r_dacDataLength_lsb                   | r_dacDataLength_lsb[7]_i_1_n_0        |                1 |              8 |         8.00 |
|  clk_BUFG    | r_dacActiveCore                       | r_dacActiveCore[7]_i_1_n_0            |                2 |              8 |         4.00 |
|  clk_BUFG    | r_spiREGADDR                          | r_spiREGADDR[7]_i_1_n_0               |                1 |              8 |         8.00 |
|  clk_BUFG    | rcv/data_recv[7]_i_1_n_0              |                                       |                2 |              8 |         4.00 |
|  clk_BUFG    | r_spiTXLSB                            | r_spiTXLSB[7]_i_1_n_0                 |                2 |              8 |         4.00 |
|  clk_BUFG    | rcv/r_tempRegVal                      |                                       |                4 |              8 |         2.00 |
|  clk_BUFG    | r_dac_I_lsb                           | r_dac_I_lsb[7]_i_1_n_0                |                3 |              8 |         2.67 |
|  clk_BUFG    | trx/div/counter                       | trx/div/clkBTemp_reg                  |                3 |              8 |         2.67 |
|  clk_BUFG    | PLL_SPI/r_counter[15]_i_2_n_0         | PLL_SPI/r_counter[15]_i_1_n_0         |                4 |              9 |         2.25 |
|  clk_BUFG    | DAC_SPI/r_counter[15]_i_2__0_n_0      | DAC_SPI/r_counter[15]_i_1__0_n_0      |                4 |              9 |         2.25 |
|  clk_BUFG    | rcv/r_count                           | rcv/r_count[15]_i_1_n_0               |                5 |             10 |         2.00 |
|  clk_BUFG    | signalgen/uart_data_count[13]_i_2_n_0 | signalgen/uart_data_count[13]_i_1_n_0 |                2 |             14 |         7.00 |
|  clk_BUFG    |                                       | trx/rst_reg_n_0                       |                4 |             15 |         3.75 |
|  clk_BUFG    | adjustable_clock/clk_out_reg_0        | signalgen/memory_idx[15]_i_1_n_0      |                3 |             16 |         5.33 |
|  clk_BUFG    | r_resetCounter                        | r_resetCounter[0]_i_1_n_0             |                6 |             21 |         3.50 |
|  clk_BUFG    | DAC_SPI/r_address                     |                                       |                6 |             24 |         4.00 |
|  clk_BUFG    | PLL_SPI/r_address                     |                                       |                4 |             24 |         6.00 |
|  clk_BUFG    |                                       | tenhz_mod/counter_reg[0]_i_1_n_0      |                7 |             25 |         3.57 |
|  clk_BUFG    |                                       | adjustable_clock/clear                |                8 |             32 |         4.00 |
|  clk_BUFG    |                                       |                                       |               76 |            108 |         1.42 |
+--------------+---------------------------------------+---------------------------------------+------------------+----------------+--------------+


